#Tests when the path involves searching through multiple comics,
#but is a linear search(characters connecting to other characters
#until we directly end up at the target)

#Creates graph
loaded graph graph1

#Finds path between characters
path from SpiderMan to CaptainAmerica:
SpiderMan to Venom via Spider-Verse
Venom to IronMan via Stark-Tower-Falling
IronMan to Thor via Ragnarok
Thor to CaptainAmerica via Civil-War

path from Venom to Thor:
Venom to IronMan via Stark-Tower-Falling
IronMan to Thor via Ragnarok

path from IronMan to IronMan: